
=== 2026-07-29T08:19:59.254293 ===

=== 2026-08-02T11:18:38.156455 ===
+ IN:newsos.com

=== 2026-08-14T08:32:58.471701 ===
+ IN:*.app.spacelift.dev
+ IN:*.sandbox.zimpler.net
+ IN:*.staging.zimpler.net
+ IN:*.truelayer-sandbox.com
+ IN:*.zimpler.com
+ IN:*.zimpler.net
+ IN:ai-testing.maventa.com
+ IN:app.spacelift.dev
+ IN:autointerface.stag.visma.net
+ IN:ax-stage.maventa.com
+ IN:spacelift.dev
+ IN:testing.maventa.com
+ IN:www.eurojackpot.nederlandseloterij.nl
+ IN:www.krasloten.nederlandseloterij.nl
+ IN:www.lotto.nederlandseloterij.nl
+ IN:www.luckyday.nederlandseloterij.nl
+ IN:www.miljoenenspel.nederlandseloterij.nl
+ IN:www.nederlandseloterij.nl
+ IN:www.staatsloterij.nederlandseloterij.nl
+ IN:www.toto.nl

=== 2026-08-14T11:58:31.389176 ===
